int main()
{
    int x, y, z;
    __VERIFIER_read(x);
    if (x)
    {
        1;
    }
    __VERIFIER_read(y);
    if (y)
    {
        2;
    }
    __VERIFIER_read(z);
    if (z)
    {
        3;
    }
}