int f()
{
    5 + 3;
}
int g()
{
    1 + 1;
}
int main()
{
    dummy;
}
int MAIN()
{
    call();
}
int mainf()
{
    blah();
}